// Jest Snapshot v1, https://goo.gl/fbAQLP

exports[`CurriculumListLoadingPlaceholder should render correctly 1`] = `
@keyframes animation-0 {
  0% {
    opacity: 0.05;
  }

  50% {
    opacity: 0.2;
  }

  100% {
    opacity: 0.05;
  }
}

@keyframes animation-0 {
  0% {
    opacity: 0.05;
  }

  50% {
    opacity: 0.2;
  }

  100% {
    opacity: 0.05;
  }
}

@keyframes animation-0 {
  0% {
    opacity: 0.05;
  }

  50% {
    opacity: 0.2;
  }

  100% {
    opacity: 0.05;
  }
}

.emotion-0 {
  box-sizing: border-box;
  margin: 0;
  min-width: 0;
  font-size: 16px;
}

@media screen and (min-width: 40em) {
  .emotion-0 {
    font-size: 20px;
  }
}

.emotion-1 {
  box-sizing: border-box;
  margin: 0;
  min-width: 0;
  border-bottom-width: 1px;
  border-bottom-style: solid;
  border-bottom-color: var(--theme-ui-colors-border);
}

.emotion-2 {
  box-sizing: border-box;
  margin: 0;
  min-width: 0;
  margin: 16px;
  border-radius: 6px;
  -webkit-animation: 4s infinite animation-0;
  animation: 4s infinite animation-0;
  background-color: #a5a5a5;
  height: 21px;
  width: 100px;
}

.emotion-4 {
  box-sizing: border-box;
  margin: 0;
  min-width: 0;
  margin: 16px;
  border-radius: 6px;
  -webkit-animation: 4s infinite animation-0;
  animation: 4s infinite animation-0;
  background-color: #a5a5a5;
  height: 21px;
  width: 200px;
}

.emotion-6 {
  box-sizing: border-box;
  margin: 0;
  min-width: 0;
  margin: 16px;
  border-radius: 6px;
  -webkit-animation: 4s infinite animation-0;
  animation: 4s infinite animation-0;
  background-color: #a5a5a5;
  height: 21px;
  width: 150px;
}

<div>
  <div
    class="emotion-0"
  >
    <div
      class="emotion-1"
    >
      <div
        class="emotion-2"
      />
    </div>
    <div
      class="emotion-1"
    >
      <div
        class="emotion-4"
      />
    </div>
    <div
      class="emotion-1"
    >
      <div
        class="emotion-6"
      />
    </div>
    <div
      class="emotion-1"
    >
      <div
        class="emotion-2"
      />
    </div>
    <div
      class="emotion-1"
    >
      <div
        class="emotion-4"
      />
    </div>
    <div
      class="emotion-1"
    >
      <div
        class="emotion-6"
      />
    </div>
  </div>
</div>
`;
