// Jest Snapshot v1, https://goo.gl/fbAQLP

exports[`Checkbox should render correctly 1`] = `
.emotion-0 {
  box-sizing: border-box;
  margin: 0;
  min-width: 0;
  font-size: 16px;
}

@media screen and (min-width: 40em) {
  .emotion-0 {
    font-size: 20px;
  }
}

.emotion-1 {
  box-sizing: border-box;
  margin: 0;
  min-width: 0;
  width: 100%;
  display: -webkit-box;
  display: -webkit-flex;
  display: -ms-flexbox;
  display: flex;
  color: var(--theme-ui-colors-textMediumEmphasis);
  font-family: Open Sans,-apple-system,BlinkMacSystemFont,San Francisco,Roboto,Segoe UI,Helvetica Neue,sans-serif;
  font-size: 14px;
  -webkit-user-select: none;
  -moz-user-select: none;
  -ms-user-select: none;
  user-select: none;
  display: -webkit-box;
  display: -webkit-flex;
  display: -ms-flexbox;
  display: flex;
  -webkit-align-items: center;
  -webkit-box-align: center;
  -ms-flex-align: center;
  align-items: center;
}

.emotion-2 {
  box-sizing: border-box;
  margin: 0;
  min-width: 0;
  min-width: -webkit-min-content;
  min-width: -moz-min-content;
  min-width: min-content;
}

.emotion-3 {
  box-sizing: border-box;
  margin: 0;
  min-width: 0;
  position: absolute;
  opacity: 0;
  z-index: -1;
  width: 1px;
  height: 1px;
  overflow: hidden;
}

.emotion-4 {
  box-sizing: border-box;
  margin: 0;
  min-width: 0;
  display: none;
  box-sizing: border-box;
  margin: 0;
  min-width: 0;
  margin-right: 8px;
  border-radius: 4px;
  color: var(--theme-ui-colors-gray);
  -webkit-flex-shrink: 0;
  -ms-flex-negative: 0;
  flex-shrink: 0;
}

input:checked~.emotion-4 {
  display: block;
}

input:checked~.emotion-4 {
  color: var(--theme-ui-colors-primary);
}

input:focus~.emotion-4 {
  color: var(--theme-ui-colors-primary);
  background-color: var(--theme-ui-colors-highlight);
}

.emotion-5 {
  box-sizing: border-box;
  margin: 0;
  min-width: 0;
  display: block;
  box-sizing: border-box;
  margin: 0;
  min-width: 0;
  margin-right: 8px;
  border-radius: 4px;
  color: var(--theme-ui-colors-gray);
  -webkit-flex-shrink: 0;
  -ms-flex-negative: 0;
  flex-shrink: 0;
}

input:checked~.emotion-5 {
  display: none;
}

input:checked~.emotion-5 {
  color: var(--theme-ui-colors-primary);
}

input:focus~.emotion-5 {
  color: var(--theme-ui-colors-primary);
  background-color: var(--theme-ui-colors-highlight);
}

<div>
  <div
    class="emotion-0"
  >
    <label
      class="emotion-1"
    >
      <div
        class="emotion-2"
      >
        <input
          class="emotion-3"
          type="checkbox"
        />
        <svg
          aria-hidden="true"
          class="emotion-4"
          fill="currentcolor"
          height="24"
          viewBox="0 0 24 24"
          width="24"
          xmlns="http://www.w3.org/2000/svg"
        >
          <path
            d="M19 3H5c-1.11 0-2 .9-2 2v14c0 1.1.89 2 2 2h14c1.11 0 2-.9 2-2V5c0-1.1-.89-2-2-2zm-9 14l-5-5 1.41-1.41L10 14.17l7.59-7.59L19 8l-9 9z"
          />
        </svg>
        <svg
          aria-hidden="true"
          class="emotion-5"
          fill="currentcolor"
          height="24"
          viewBox="0 0 24 24"
          width="24"
          xmlns="http://www.w3.org/2000/svg"
        >
          <path
            d="M19 5v14H5V5h14m0-2H5c-1.1 0-2 .9-2 2v14c0 1.1.9 2 2 2h14c1.1 0 2-.9 2-2V5c0-1.1-.9-2-2-2z"
          />
        </svg>
      </div>
      just at test
    </label>
  </div>
</div>
`;
