// Jest Snapshot v1, https://goo.gl/fbAQLP

exports[`TopBar should render correctly 1`] = `
.emotion-0 {
  box-sizing: border-box;
  margin: 0;
  min-width: 0;
  font-size: 16px;
}

@media screen and (min-width: 40em) {
  .emotion-0 {
    font-size: 20px;
  }
}

.emotion-1 {
  box-sizing: border-box;
  margin: 0;
  min-width: 0;
  display: -webkit-box;
  display: -webkit-flex;
  display: -ms-flexbox;
  display: flex;
  height: 48px;
  -webkit-align-items: center;
  -webkit-box-align: center;
  -ms-flex-align: center;
  align-items: center;
}

.emotion-2 {
  margin: 8px;
  -webkit-flex-shrink: 0;
  -ms-flex-negative: 0;
  flex-shrink: 0;
}

.emotion-3 {
  box-sizing: border-box;
  margin: 0;
  min-width: 0;
  -webkit-appearance: none;
  -moz-appearance: none;
  -ms-appearance: none;
  appearance: none;
  display: inline-block;
  text-align: center;
  line-height: inherit;
  -webkit-text-decoration: none;
  text-decoration: none;
  font-size: inherit;
  padding-left: 16px;
  padding-right: 16px;
  padding-top: 8px;
  padding-bottom: 8px;
  color: white;
  background-color: var(--theme-ui-colors-primary);
  border: 0;
  border-radius: 4px;
  -webkit-user-select: none;
  -moz-user-select: none;
  -ms-user-select: none;
  user-select: none;
  cursor: pointer;
  box-sizing: border-box;
  font-size: 14px;
  color: var(--theme-ui-colors-textPrimary);
  background-color: transparent;
  border-radius: 6px;
  font-family: Open Sans,-apple-system,BlinkMacSystemFont,San Francisco,Roboto,Segoe UI,Helvetica Neue,sans-serif;
  -webkit-transition: background-color 125ms cubic-bezier(0.0, 0.0, 0.2, 1);
  transition: background-color 125ms cubic-bezier(0.0, 0.0, 0.2, 1);
  padding-top: 8px;
  padding-bottom: 8px;
  padding-left: 16px;
  padding-right: 16px;
  white-space: nowrap;
  display: -webkit-box;
  display: -webkit-flex;
  display: -ms-flexbox;
  display: flex;
  -webkit-flex-shrink: 0;
  -ms-flex-negative: 0;
  flex-shrink: 0;
  -webkit-align-items: center;
  -webkit-box-align: center;
  -ms-flex-align: center;
  align-items: center;
  -webkit-box-pack: center;
  -ms-flex-pack: center;
  -webkit-justify-content: center;
  justify-content: center;
  touch-action: manipulation;
  box-shadow: none;
  border-color: var(--theme-ui-colors-border);
  border-style: solid;
  border-width: 1px;
  line-height: 1;
  border: none;
  padding: 4px;
}

.emotion-3:disabled {
  opacity: 0.38;
  cursor: auto;
}

.emotion-3:hover,
.emotion-3:focus {
  background-color: var(--theme-ui-colors-primaryLighter);
  border-color: var(--theme-ui-colors-primary);
}

.emotion-4 {
  box-sizing: border-box;
  margin: 0;
  min-width: 0;
  max-width: 100%;
  height: auto;
  fill: var(--theme-ui-colors-icon);
  -webkit-flex-shrink: 0;
  -ms-flex-negative: 0;
  flex-shrink: 0;
  width: 20px;
  height: 20px;
  fill: var(--theme-ui-colors-textMediumEmphasis);
}

.emotion-5 {
  box-sizing: border-box;
  margin: 0;
  min-width: 0;
  display: -webkit-box;
  display: -webkit-flex;
  display: -ms-flexbox;
  display: flex;
  -webkit-align-items: center;
  -webkit-box-align: center;
  -ms-flex-align: center;
  align-items: center;
  overflow-x: auto;
}

.emotion-6 {
  display: inline-block;
  font-size: 13px;
  color: var(--theme-ui-colors-textMediumEmphasis);
  white-space: nowrap;
}

.emotion-6:last-child {
  color: var(--theme-ui-colors-textPrimary);
}

.emotion-6:last-child>.splitter {
  display: none;
}

.emotion-7:hover {
  -webkit-text-decoration: underline;
  text-decoration: underline;
}

.emotion-8 {
  margin-left: 4px;
  margin-right: 4px;
}

<div>
  <div
    class="emotion-0"
  >
    <div
      class="emotion-1"
    >
      <a
        aria-current="page"
        class="emotion-2"
        data-cy="back-button"
        href="/"
      >
        <button
          class="emotion-3"
        >
          <div
            class="emotion-4"
          />
        </button>
      </a>
      <div
        class="emotion-5"
      >
        <a
          aria-current="page"
          class="emotion-6"
          href="/"
        >
          <span
            class="emotion-7"
          >
            test
          </span>
          <span
            class="splitter emotion-8"
          >
            /
          </span>
        </a>
      </div>
    </div>
  </div>
</div>
`;
