// Jest Snapshot v1, https://goo.gl/fbAQLP

exports[`DraggableListItem should render correctly 1`] = `
.emotion-0 {
  box-sizing: border-box;
  margin: 0;
  min-width: 0;
  font-size: 16px;
}

@media screen and (min-width: 40em) {
  .emotion-0 {
    font-size: 20px;
  }
}

.emotion-1 {
  box-sizing: border-box;
  margin: 0;
  min-width: 0;
  width: 100%;
  max-width: inherit;
  height: 54px;
  border-bottom-width: 1px;
  border-bottom-style: solid;
  border-bottom-color: var(--theme-ui-colors-border);
  border-right-width: 2px;
  border-right-style: solid;
  border-right-color: var(--theme-ui-colors-textPrimary);
  -webkit-align-items: center;
  -webkit-box-align: center;
  -ms-flex-align: center;
  align-items: center;
}

.emotion-1:hover {
  background-color: var(--theme-ui-colors-primaryLightest);
}

.emotion-2 {
  box-sizing: border-box;
  margin: 0;
  min-width: 0;
  background-color: transparent;
  display: -webkit-box;
  display: -webkit-flex;
  display: -ms-flexbox;
  display: flex;
  height: 54px;
  -webkit-align-items: center;
  -webkit-box-align: center;
  -ms-flex-align: center;
  align-items: center;
  -webkit-user-select: none;
  -moz-user-select: none;
  -ms-user-select: none;
  user-select: none;
  width: inherit;
  max-width: inherit;
  -webkit-transition: background-color .1s ease-in,box-shadow .1s ease-in;
  transition: background-color .1s ease-in,box-shadow .1s ease-in;
  position: relative;
  z-index: 1;
  border-radius: 0;
  top: 0;
}

.emotion-3 {
  box-sizing: border-box;
  margin: 0;
  min-width: 0;
  padding-left: 16px;
  padding-right: 16px;
  padding-top: 8px;
  padding-bottom: 8px;
  cursor: move;
}

<div>
  <div
    class="emotion-0"
  >
    <div
      class="emotion-1"
    >
      <div
        class="emotion-2"
      >
        <div
          class="emotion-3"
        >
          <div
            width="20"
          />
        </div>
        asdf
      </div>
    </div>
    <div
      class="emotion-1"
    >
      <div
        class="emotion-2"
      >
        <div
          class="emotion-3"
        >
          <div
            width="20"
          />
        </div>
        asjfda
      </div>
    </div>
    <div
      class="emotion-1"
    >
      <div
        class="emotion-2"
      >
        <div
          class="emotion-3"
        >
          <div
            width="20"
          />
        </div>
        ajrhgflkjenbrgk
      </div>
    </div>
  </div>
</div>
`;
