// Jest Snapshot v1, https://goo.gl/fbAQLP

exports[`PageListOfStudents should render correctly 1`] = `
.emotion-0 {
  box-sizing: border-box;
  margin: 0;
  min-width: 0;
  font-size: 16px;
}

@media screen and (min-width: 40em) {
  .emotion-0 {
    font-size: 20px;
  }
}

.emotion-1 {
  box-sizing: border-box;
  margin: 0;
  min-width: 0;
  margin-left: auto;
  margin-right: auto;
  -webkit-flex-direction: column;
  -ms-flex-direction: column;
  flex-direction: column;
  max-width: 700px;
}

.emotion-2 {
  box-sizing: border-box;
  margin: 0;
  min-width: 0;
  margin-left: -8px;
  display: -webkit-box;
  display: -webkit-flex;
  display: -ms-flexbox;
  display: flex;
  -webkit-align-items: center;
  -webkit-box-align: center;
  -ms-flex-align: center;
  align-items: center;
}

.emotion-3 {
  box-sizing: border-box;
  margin: 0;
  min-width: 0;
  max-width: 100%;
  height: auto;
  margin: 16px;
  margin-right: 4px;
  fill: var(--theme-ui-colors-icon);
  -webkit-flex-shrink: 0;
  -ms-flex-negative: 0;
  flex-shrink: 0;
  width: 24px;
  height: 24px;
  fill: var(--theme-ui-colors-textMediumEmphasis);
}

.emotion-4 {
  box-sizing: border-box;
  margin: 0;
  min-width: 0;
  color: var(--theme-ui-colors-text);
  font-size: 14px;
  text-rendering: optimizeLegibility;
  line-height: 1.5;
  margin-bottom: 0;
  color: var(--theme-ui-colors-textMediumEmphasis);
}

.emotion-5 {
  box-sizing: border-box;
  margin: 0;
  min-width: 0;
  font-family: Open Sans,-apple-system,BlinkMacSystemFont,San Francisco,Roboto,Segoe UI,Helvetica Neue,sans-serif;
  font-weight: bold;
  line-height: heading;
  color: var(--theme-ui-colors-text);
  text-rendering: optimizeLegibility;
  font-size: 24px;
  margin: 16px;
  line-height: 1;
}

.emotion-6 {
  box-sizing: border-box;
  margin: 0;
  min-width: 0;
  padding-left: 16px;
  padding-right: 16px;
  padding-bottom: 8px;
  padding-top: 8px;
}

.emotion-7 {
  box-sizing: border-box;
  margin: 0;
  min-width: 0;
  width: 100%;
  display: -webkit-box;
  display: -webkit-flex;
  display: -ms-flexbox;
  display: flex;
  color: var(--theme-ui-colors-textMediumEmphasis);
  font-family: Open Sans,-apple-system,BlinkMacSystemFont,San Francisco,Roboto,Segoe UI,Helvetica Neue,sans-serif;
  font-size: 14px;
  -webkit-user-select: none;
  -moz-user-select: none;
  -ms-user-select: none;
  user-select: none;
  color: var(--theme-ui-colors-textMediumEmphasis);
  display: -webkit-box;
  display: -webkit-flex;
  display: -ms-flexbox;
  display: flex;
  -webkit-flex-direction: column;
  -ms-flex-direction: column;
  flex-direction: column;
  font-size: 13px;
}

.emotion-8 {
  box-sizing: border-box;
  margin: 0;
  min-width: 0;
  display: -webkit-box;
  display: -webkit-flex;
  display: -ms-flexbox;
  display: flex;
  -webkit-align-items: center;
  -webkit-box-align: center;
  -ms-flex-align: center;
  align-items: center;
}

.emotion-9 {
  box-sizing: border-box;
  margin: 0;
  min-width: 0;
  max-width: 100%;
  height: auto;
  margin-right: -33px;
  margin-left: 8px;
  fill: var(--theme-ui-colors-icon);
  -webkit-flex-shrink: 0;
  -ms-flex-negative: 0;
  flex-shrink: 0;
  width: 20px;
  height: 20px;
  width: 24px;
  height: 24px;
  z-index: 2;
}

.emotion-10 {
  box-sizing: border-box;
  margin: 0;
  min-width: 0;
  display: block;
  width: 100%;
  padding: 8px;
  -webkit-appearance: none;
  -moz-appearance: none;
  -ms-appearance: none;
  appearance: none;
  font-size: inherit;
  line-height: inherit;
  border: 1px solid;
  border-radius: 4px;
  color: inherit;
  background-color: transparent;
  border-radius: 6px;
  font-family: Open Sans,-apple-system,BlinkMacSystemFont,San Francisco,Roboto,Segoe UI,Helvetica Neue,sans-serif;
  width: auto;
  border-color: var(--theme-ui-colors-border);
  background-color: var(--theme-ui-colors-surface);
  font-size: 16px;
  padding: 12px;
  color: var(--theme-ui-colors-text);
  padding-top: 8px;
  padding-bottom: 8px;
  background-color: var(--theme-ui-colors-surface);
  --theme-ui-input-autofill-bg: var(--theme-ui-colors-background);
  padding-left: 40px;
  font-size: 14px;
  width: 100%;
  width: 100%;
  width: 100%;
}

.emotion-10:autofill,
.emotion-10:autofill:hover,
.emotion-10:autofill:focus {
  box-shadow: inset 0 0 0 1000px var(--theme-ui-input-autofill-bg);
  font-size: inherit;
}

.emotion-10:autofill:first-line,
.emotion-10:autofill:hover:first-line,
.emotion-10:autofill:focus:first-line {
  font-size: 1rem;
}

.emotion-10:-webkit-autofill,
.emotion-10:-webkit-autofill:hover,
.emotion-10:-webkit-autofill:focus {
  box-shadow: inset 0 0 0 1000px var(--theme-ui-input-autofill-bg);
  font-size: inherit;
}

.emotion-10:-webkit-autofill:first-line,
.emotion-10:-webkit-autofill:hover:first-line,
.emotion-10:-webkit-autofill:focus:first-line {
  font-size: 1rem;
}

.emotion-10:hover,
.emotion-10:focus {
  border-color: var(--theme-ui-colors-primary);
}

.emotion-10::-webkit-input-placeholder {
  font-style: italic;
}

.emotion-10::-moz-placeholder {
  font-style: italic;
}

.emotion-10:-ms-input-placeholder {
  font-style: italic;
}

.emotion-10::placeholder {
  font-style: italic;
}

.emotion-10:disabled {
  opacity: 0.68;
  border-color: var(--theme-ui-colors-border);
  color: var(--theme-ui-colors-textDisabled);
}

<div>
  <div
    class="emotion-0"
  >
    <div
      class="emotion-1"
    >
      <a
        href="/dashboard/admin"
        style="display: block;"
      >
        <div
          class="emotion-2"
        >
          <div
            class="emotion-3"
          />
          <p
            class="emotion-4"
          >
            Settings
          </p>
        </div>
      </a>
      <h5
        class="emotion-5"
      >
        All Students
      </h5>
      <div
        class="emotion-6"
      >
        <label
          class="emotion-7"
        >
          <div
            class="emotion-8"
          >
            <div
              class="emotion-9"
            />
            <input
              class="emotion-10"
              name="name"
              placeholder="Search"
              value=""
            />
          </div>
        </label>
      </div>
    </div>
  </div>
</div>
`;
