// Jest Snapshot v1, https://goo.gl/fbAQLP

exports[`Breadcrumb should render correctly 1`] = `
.emotion-0 {
  box-sizing: border-box;
  margin: 0;
  min-width: 0;
  font-size: 16px;
}

@media screen and (min-width: 40em) {
  .emotion-0 {
    font-size: 20px;
  }
}

.emotion-1 {
  box-sizing: border-box;
  margin: 0;
  min-width: 0;
  display: -webkit-box;
  display: -webkit-flex;
  display: -ms-flexbox;
  display: flex;
  -webkit-align-items: center;
  -webkit-box-align: center;
  -ms-flex-align: center;
  align-items: center;
  overflow-x: auto;
}

.emotion-2 {
  display: inline-block;
  font-size: 13px;
  color: var(--theme-ui-colors-textMediumEmphasis);
  white-space: nowrap;
}

.emotion-2:last-child {
  color: var(--theme-ui-colors-textPrimary);
}

.emotion-2:last-child>.splitter {
  display: none;
}

.emotion-3:hover {
  -webkit-text-decoration: underline;
  text-decoration: underline;
}

.emotion-4 {
  margin-left: 4px;
  margin-right: 4px;
}

<div>
  <div
    class="emotion-0"
  >
    <div
      class="emotion-1"
    >
      <a
        aria-current="page"
        class="emotion-2"
        href="/"
      >
        <span
          class="emotion-3"
        >
          Students
        </span>
        <span
          class="splitter emotion-4"
        >
          /
        </span>
      </a>
      <a
        aria-current="page"
        class="emotion-2"
        href="/"
      >
        <span
          class="emotion-3"
        >
          Joyce
        </span>
        <span
          class="splitter emotion-4"
        >
          /
        </span>
      </a>
      <a
        aria-current="page"
        class="emotion-2"
        href="/"
      >
        <span
          class="emotion-3"
        >
          Observations
        </span>
        <span
          class="splitter emotion-4"
        >
          /
        </span>
      </a>
    </div>
  </div>
</div>
`;
