// Jest Snapshot v1, https://goo.gl/fbAQLP

exports[`DataBox should render correctly 1`] = `
.emotion-0 {
  box-sizing: border-box;
  margin: 0;
  min-width: 0;
  font-size: 16px;
}

@media screen and (min-width: 40em) {
  .emotion-0 {
    font-size: 20px;
  }
}

.emotion-1 {
  box-sizing: border-box;
  margin: 0;
  min-width: 0;
  padding-left: 16px;
  padding-right: 16px;
  padding-top: 16px;
  padding-bottom: 16px;
  display: -webkit-box;
  display: -webkit-flex;
  display: -ms-flexbox;
  display: flex;
  -webkit-align-items: flex-start;
  -webkit-box-align: flex-start;
  -ms-flex-align: flex-start;
  align-items: flex-start;
}

.emotion-2 {
  box-sizing: border-box;
  margin: 0;
  min-width: 0;
}

.emotion-3 {
  box-sizing: border-box;
  margin: 0;
  min-width: 0;
  color: var(--theme-ui-colors-text);
  font-size: 14px;
  text-rendering: optimizeLegibility;
  line-height: 1.5;
  margin-bottom: 4px;
  color: var(--theme-ui-colors-textMediumEmphasis);
  line-height: 1;
  font-size: 13px;
}

.emotion-4 {
  box-sizing: border-box;
  margin: 0;
  min-width: 0;
  color: var(--theme-ui-colors-text);
  font-size: 14px;
  text-rendering: optimizeLegibility;
  line-height: 1.5;
}

.emotion-5 {
  box-sizing: border-box;
  margin: 0;
  min-width: 0;
  -webkit-appearance: none;
  -moz-appearance: none;
  -ms-appearance: none;
  appearance: none;
  display: inline-block;
  text-align: center;
  line-height: inherit;
  -webkit-text-decoration: none;
  text-decoration: none;
  font-size: inherit;
  padding-left: 16px;
  padding-right: 16px;
  padding-top: 8px;
  padding-bottom: 8px;
  color: white;
  background-color: var(--theme-ui-colors-primary);
  border: 0;
  border-radius: 4px;
  -webkit-user-select: none;
  -moz-user-select: none;
  -ms-user-select: none;
  user-select: none;
  cursor: pointer;
  box-sizing: border-box;
  font-size: 14px;
  color: var(--theme-ui-colors-textPrimary);
  background-color: var(--theme-ui-colors-surface);
  border-radius: 6px;
  font-family: Open Sans,-apple-system,BlinkMacSystemFont,San Francisco,Roboto,Segoe UI,Helvetica Neue,sans-serif;
  -webkit-transition: background-color 125ms cubic-bezier(0.0, 0.0, 0.2, 1);
  transition: background-color 125ms cubic-bezier(0.0, 0.0, 0.2, 1);
  padding-top: 8px;
  padding-bottom: 8px;
  padding-left: 16px;
  padding-right: 16px;
  white-space: nowrap;
  display: -webkit-box;
  display: -webkit-flex;
  display: -ms-flexbox;
  display: flex;
  -webkit-flex-shrink: 0;
  -ms-flex-negative: 0;
  flex-shrink: 0;
  -webkit-align-items: center;
  -webkit-box-align: center;
  -ms-flex-align: center;
  align-items: center;
  -webkit-box-pack: center;
  -ms-flex-pack: center;
  -webkit-justify-content: center;
  justify-content: center;
  touch-action: manipulation;
  box-shadow: none;
  border-color: var(--theme-ui-colors-border);
  border-style: solid;
  border-width: 1px;
  line-height: 1;
  margin-left: auto;
  padding-left: 8px;
  padding-right: 8px;
  -webkit-flex-shrink: 0;
  -ms-flex-negative: 0;
  flex-shrink: 0;
}

.emotion-5:disabled {
  opacity: 0.38;
  cursor: auto;
}

.emotion-5:hover,
.emotion-5:focus {
  background-color: var(--theme-ui-colors-primaryLighter);
  border-color: var(--theme-ui-colors-primary);
}

.emotion-5:hover:disabled,
.emotion-5:focus:disabled {
  background-color: transparent;
  border-color: var(--theme-ui-colors-border);
}

.emotion-6 {
  box-sizing: border-box;
  margin: 0;
  min-width: 0;
  max-width: 100%;
  height: auto;
  fill: var(--theme-ui-colors-icon);
  -webkit-flex-shrink: 0;
  -ms-flex-negative: 0;
  flex-shrink: 0;
  width: 20px;
  height: 20px;
}

<div>
  <div
    class="emotion-0"
  >
    <div
      class="emotion-1"
    >
      <div
        class="emotion-2"
      >
        <p
          class="emotion-3"
        />
        <p
          class="emotion-4"
        />
      </div>
      <button
        aria-label="edit-"
        class="emotion-5"
      >
        <div
          class="emotion-6"
        />
      </button>
    </div>
  </div>
</div>
`;
