// Jest Snapshot v1, https://goo.gl/fbAQLP

exports[`NewGuardianForm should render correctly 1`] = `
.emotion-0 {
  box-sizing: border-box;
  margin: 0;
  min-width: 0;
  font-size: 16px;
}

@media screen and (min-width: 40em) {
  .emotion-0 {
    font-size: 20px;
  }
}

.emotion-1 {
  box-sizing: border-box;
  margin: 0;
  min-width: 0;
  padding: 16px;
}

.emotion-2 {
  box-sizing: border-box;
  margin: 0;
  min-width: 0;
  width: 100%;
  display: -webkit-box;
  display: -webkit-flex;
  display: -ms-flexbox;
  display: flex;
  color: var(--theme-ui-colors-textMediumEmphasis);
  font-family: Open Sans,-apple-system,BlinkMacSystemFont,San Francisco,Roboto,Segoe UI,Helvetica Neue,sans-serif;
  font-size: 14px;
  -webkit-user-select: none;
  -moz-user-select: none;
  -ms-user-select: none;
  user-select: none;
  color: var(--theme-ui-colors-textMediumEmphasis);
  display: -webkit-box;
  display: -webkit-flex;
  display: -ms-flexbox;
  display: flex;
  -webkit-flex-direction: column;
  -ms-flex-direction: column;
  flex-direction: column;
}

.emotion-3 {
  box-sizing: border-box;
  margin: 0;
  min-width: 0;
  padding-bottom: 4px;
}

.emotion-4 {
  box-sizing: border-box;
  margin: 0;
  min-width: 0;
  display: -webkit-box;
  display: -webkit-flex;
  display: -ms-flexbox;
  display: flex;
  -webkit-align-items: center;
  -webkit-box-align: center;
  -ms-flex-align: center;
  align-items: center;
}

.emotion-5 {
  box-sizing: border-box;
  margin: 0;
  min-width: 0;
  display: block;
  width: 100%;
  padding: 8px;
  -webkit-appearance: none;
  -moz-appearance: none;
  -ms-appearance: none;
  appearance: none;
  font-size: inherit;
  line-height: inherit;
  border: 1px solid;
  border-radius: 4px;
  color: inherit;
  background-color: transparent;
  border-radius: 6px;
  font-family: Open Sans,-apple-system,BlinkMacSystemFont,San Francisco,Roboto,Segoe UI,Helvetica Neue,sans-serif;
  width: auto;
  border-color: var(--theme-ui-colors-border);
  background-color: var(--theme-ui-colors-surface);
  font-size: 16px;
  padding: 12px;
  color: var(--theme-ui-colors-text);
  margin-bottom: 8px;
  --theme-ui-input-autofill-bg: var(--theme-ui-colors-background);
  width: 100%;
  width: 100%;
}

.emotion-5:autofill,
.emotion-5:autofill:hover,
.emotion-5:autofill:focus {
  box-shadow: inset 0 0 0 1000px var(--theme-ui-input-autofill-bg);
  font-size: inherit;
}

.emotion-5:autofill:first-line,
.emotion-5:autofill:hover:first-line,
.emotion-5:autofill:focus:first-line {
  font-size: 1rem;
}

.emotion-5:-webkit-autofill,
.emotion-5:-webkit-autofill:hover,
.emotion-5:-webkit-autofill:focus {
  box-shadow: inset 0 0 0 1000px var(--theme-ui-input-autofill-bg);
  font-size: inherit;
}

.emotion-5:-webkit-autofill:first-line,
.emotion-5:-webkit-autofill:hover:first-line,
.emotion-5:-webkit-autofill:focus:first-line {
  font-size: 1rem;
}

.emotion-5:hover,
.emotion-5:focus {
  border-color: var(--theme-ui-colors-primary);
}

.emotion-5::-webkit-input-placeholder {
  font-style: italic;
}

.emotion-5::-moz-placeholder {
  font-style: italic;
}

.emotion-5:-ms-input-placeholder {
  font-style: italic;
}

.emotion-5::placeholder {
  font-style: italic;
}

.emotion-5:disabled {
  opacity: 0.68;
  border-color: var(--theme-ui-colors-border);
  color: var(--theme-ui-colors-textDisabled);
}

.emotion-13 {
  box-sizing: border-box;
  margin: 0;
  min-width: 0;
  display: block;
  width: 100%;
  padding: 8px;
  -webkit-appearance: none;
  -moz-appearance: none;
  -ms-appearance: none;
  appearance: none;
  font-size: inherit;
  line-height: inherit;
  border: 1px solid;
  border-radius: 4px;
  color: inherit;
  background-color: transparent;
  border-radius: 6px;
  font-family: Open Sans,-apple-system,BlinkMacSystemFont,San Francisco,Roboto,Segoe UI,Helvetica Neue,sans-serif;
  width: auto;
  border-color: var(--theme-ui-colors-border);
  background-color: var(--theme-ui-colors-surface);
  font-size: 16px;
  padding: 12px;
  color: var(--theme-ui-colors-text);
  margin-bottom: 16px;
  --theme-ui-input-autofill-bg: var(--theme-ui-colors-background);
  width: 100%;
  width: 100%;
}

.emotion-13:autofill,
.emotion-13:autofill:hover,
.emotion-13:autofill:focus {
  box-shadow: inset 0 0 0 1000px var(--theme-ui-input-autofill-bg);
  font-size: inherit;
}

.emotion-13:autofill:first-line,
.emotion-13:autofill:hover:first-line,
.emotion-13:autofill:focus:first-line {
  font-size: 1rem;
}

.emotion-13:-webkit-autofill,
.emotion-13:-webkit-autofill:hover,
.emotion-13:-webkit-autofill:focus {
  box-shadow: inset 0 0 0 1000px var(--theme-ui-input-autofill-bg);
  font-size: inherit;
}

.emotion-13:-webkit-autofill:first-line,
.emotion-13:-webkit-autofill:hover:first-line,
.emotion-13:-webkit-autofill:focus:first-line {
  font-size: 1rem;
}

.emotion-13:hover,
.emotion-13:focus {
  border-color: var(--theme-ui-colors-primary);
}

.emotion-13::-webkit-input-placeholder {
  font-style: italic;
}

.emotion-13::-moz-placeholder {
  font-style: italic;
}

.emotion-13:-ms-input-placeholder {
  font-style: italic;
}

.emotion-13::placeholder {
  font-style: italic;
}

.emotion-13:disabled {
  opacity: 0.68;
  border-color: var(--theme-ui-colors-border);
  color: var(--theme-ui-colors-textDisabled);
}

.emotion-18 {
  box-sizing: border-box;
  margin: 0;
  min-width: 0;
  width: 100%;
  display: -webkit-box;
  display: -webkit-flex;
  display: -ms-flexbox;
  display: flex;
  color: var(--theme-ui-colors-textMediumEmphasis);
  font-family: Open Sans,-apple-system,BlinkMacSystemFont,San Francisco,Roboto,Segoe UI,Helvetica Neue,sans-serif;
  font-size: 14px;
  -webkit-user-select: none;
  -moz-user-select: none;
  -ms-user-select: none;
  user-select: none;
  display: -webkit-box;
  display: -webkit-flex;
  display: -ms-flexbox;
  display: flex;
  -webkit-flex-direction: column;
  -ms-flex-direction: column;
  flex-direction: column;
}

.emotion-20 {
  box-sizing: border-box;
  margin: 0;
  min-width: 0;
  display: block;
  width: 100%;
  padding: 8px;
  -webkit-appearance: none;
  -moz-appearance: none;
  -ms-appearance: none;
  appearance: none;
  font-size: inherit;
  line-height: inherit;
  border: 1px solid;
  border-radius: 4px;
  color: inherit;
  background-color: transparent;
  border-radius: 6px;
  font-family: Open Sans,-apple-system,BlinkMacSystemFont,San Francisco,Roboto,Segoe UI,Helvetica Neue,sans-serif;
  border-color: var(--theme-ui-colors-border);
  background-color: var(--theme-ui-colors-surface);
  font-size: 16px;
  padding: 16px;
  height: 180px;
  resize: vertical;
  color: var(--theme-ui-colors-text);
  margin-bottom: 16px;
}

.emotion-20:hover,
.emotion-20:focus {
  border-color: var(--theme-ui-colors-primary);
}

.emotion-20::-webkit-input-placeholder {
  font-style: italic;
  line-height: 2rem;
}

.emotion-20::-moz-placeholder {
  font-style: italic;
  line-height: 2rem;
}

.emotion-20:-ms-input-placeholder {
  font-style: italic;
  line-height: 2rem;
}

.emotion-20::placeholder {
  font-style: italic;
  line-height: 2rem;
}

<div>
  <div
    class="emotion-0"
  >
    <div
      class="emotion-1"
    >
      <label
        class="emotion-2"
      >
        <div
          class="emotion-3"
        >
          Guardian Name
        </div>
        <div
          class="emotion-4"
        >
          <input
            class="emotion-5"
            value=""
          />
        </div>
      </label>
      <label
        class="emotion-2"
      >
        <div
          class="emotion-3"
        >
          Email
        </div>
        <div
          class="emotion-4"
        >
          <input
            class="emotion-5"
            type="email"
            value=""
          />
        </div>
      </label>
      <label
        class="emotion-2"
      >
        <div
          class="emotion-3"
        >
          Phone
        </div>
        <div
          class="emotion-4"
        >
          <input
            class="emotion-13"
            type="phone"
            value=""
          />
        </div>
      </label>
      <label
        class="emotion-2"
      >
        <div
          class="emotion-3"
        >
          Address
        </div>
        <div
          class="emotion-4"
        >
          <input
            class="emotion-13"
            value=""
          />
        </div>
      </label>
      <label
        class="emotion-18"
      >
        <div
          class="emotion-3"
        >
          Note
        </div>
        <textarea
          aria-label="Note"
          class="emotion-20"
        />
      </label>
    </div>
  </div>
</div>
`;
