// Jest Snapshot v1, https://goo.gl/fbAQLP

exports[`PageAllObservations should render correctly 1`] = `
@keyframes animation-0 {
  0% {
    opacity: 0.05;
  }

  50% {
    opacity: 0.2;
  }

  100% {
    opacity: 0.05;
  }
}

@keyframes animation-0 {
  0% {
    opacity: 0.05;
  }

  50% {
    opacity: 0.2;
  }

  100% {
    opacity: 0.05;
  }
}

@keyframes animation-0 {
  0% {
    opacity: 0.05;
  }

  50% {
    opacity: 0.2;
  }

  100% {
    opacity: 0.05;
  }
}

.emotion-0 {
  box-sizing: border-box;
  margin: 0;
  min-width: 0;
  font-size: 16px;
}

@media screen and (min-width: 40em) {
  .emotion-0 {
    font-size: 20px;
  }
}

.emotion-1 {
  box-sizing: border-box;
  margin: 0;
  min-width: 0;
  margin-left: auto;
  margin-right: auto;
  padding-bottom: 128px;
  max-width: 900px;
}

.emotion-2 {
  box-sizing: border-box;
  margin: 0;
  min-width: 0;
  display: -webkit-box;
  display: -webkit-flex;
  display: -ms-flexbox;
  display: flex;
  height: 48px;
  -webkit-align-items: center;
  -webkit-box-align: center;
  -ms-flex-align: center;
  align-items: center;
}

.emotion-3 {
  margin: 8px;
  -webkit-flex-shrink: 0;
  -ms-flex-negative: 0;
  flex-shrink: 0;
}

.emotion-4 {
  box-sizing: border-box;
  margin: 0;
  min-width: 0;
  -webkit-appearance: none;
  -moz-appearance: none;
  -ms-appearance: none;
  appearance: none;
  display: inline-block;
  text-align: center;
  line-height: inherit;
  -webkit-text-decoration: none;
  text-decoration: none;
  font-size: inherit;
  padding-left: 16px;
  padding-right: 16px;
  padding-top: 8px;
  padding-bottom: 8px;
  color: white;
  background-color: var(--theme-ui-colors-primary);
  border: 0;
  border-radius: 4px;
  -webkit-user-select: none;
  -moz-user-select: none;
  -ms-user-select: none;
  user-select: none;
  cursor: pointer;
  box-sizing: border-box;
  font-size: 14px;
  color: var(--theme-ui-colors-textPrimary);
  background-color: transparent;
  border-radius: 6px;
  font-family: Open Sans,-apple-system,BlinkMacSystemFont,San Francisco,Roboto,Segoe UI,Helvetica Neue,sans-serif;
  -webkit-transition: background-color 125ms cubic-bezier(0.0, 0.0, 0.2, 1);
  transition: background-color 125ms cubic-bezier(0.0, 0.0, 0.2, 1);
  padding-top: 8px;
  padding-bottom: 8px;
  padding-left: 16px;
  padding-right: 16px;
  white-space: nowrap;
  display: -webkit-box;
  display: -webkit-flex;
  display: -ms-flexbox;
  display: flex;
  -webkit-flex-shrink: 0;
  -ms-flex-negative: 0;
  flex-shrink: 0;
  -webkit-align-items: center;
  -webkit-box-align: center;
  -ms-flex-align: center;
  align-items: center;
  -webkit-box-pack: center;
  -ms-flex-pack: center;
  -webkit-justify-content: center;
  justify-content: center;
  touch-action: manipulation;
  box-shadow: none;
  border-color: var(--theme-ui-colors-border);
  border-style: solid;
  border-width: 1px;
  line-height: 1;
  border: none;
  padding: 4px;
}

.emotion-4:disabled {
  opacity: 0.38;
  cursor: auto;
}

.emotion-4:hover,
.emotion-4:focus {
  background-color: var(--theme-ui-colors-primaryLighter);
  border-color: var(--theme-ui-colors-primary);
}

.emotion-5 {
  box-sizing: border-box;
  margin: 0;
  min-width: 0;
  max-width: 100%;
  height: auto;
  fill: var(--theme-ui-colors-icon);
  -webkit-flex-shrink: 0;
  -ms-flex-negative: 0;
  flex-shrink: 0;
  width: 20px;
  height: 20px;
  fill: var(--theme-ui-colors-textMediumEmphasis);
}

.emotion-6 {
  box-sizing: border-box;
  margin: 0;
  min-width: 0;
  display: -webkit-box;
  display: -webkit-flex;
  display: -ms-flexbox;
  display: flex;
  -webkit-align-items: center;
  -webkit-box-align: center;
  -ms-flex-align: center;
  align-items: center;
  overflow-x: auto;
}

.emotion-7 {
  display: inline-block;
  font-size: 13px;
  color: var(--theme-ui-colors-textMediumEmphasis);
  white-space: nowrap;
}

.emotion-7:last-child {
  color: var(--theme-ui-colors-textPrimary);
}

.emotion-7:last-child>.splitter {
  display: none;
}

.emotion-8:hover {
  -webkit-text-decoration: underline;
  text-decoration: underline;
}

.emotion-9 {
  margin-left: 4px;
  margin-right: 4px;
}

.emotion-13 {
  box-sizing: border-box;
  margin: 0;
  min-width: 0;
  display: inline-block;
  font-size: 13px;
  color: var(--theme-ui-colors-textMediumEmphasis);
  white-space: nowrap;
}

.emotion-13:last-child {
  color: var(--theme-ui-colors-textPrimary);
}

.emotion-13:last-child>.splitter {
  display: none;
}

.emotion-14 {
  box-sizing: border-box;
  margin: 0;
  min-width: 0;
  padding: 16px;
  display: -webkit-box;
  display: -webkit-flex;
  display: -ms-flexbox;
  display: flex;
  -webkit-align-items: flex-end;
  -webkit-box-align: flex-end;
  -ms-flex-align: flex-end;
  align-items: flex-end;
}

.emotion-15 {
  box-sizing: border-box;
  margin: 0;
  min-width: 0;
  font-family: Open Sans,-apple-system,BlinkMacSystemFont,San Francisco,Roboto,Segoe UI,Helvetica Neue,sans-serif;
  font-weight: bold;
  line-height: heading;
  color: var(--theme-ui-colors-text);
  text-rendering: optimizeLegibility;
  font-size: 24px;
  line-height: 1;
}

.emotion-16 {
  box-sizing: border-box;
  margin: 0;
  min-width: 0;
  -webkit-appearance: none;
  -moz-appearance: none;
  -ms-appearance: none;
  appearance: none;
  display: inline-block;
  text-align: center;
  line-height: inherit;
  -webkit-text-decoration: none;
  text-decoration: none;
  font-size: inherit;
  padding-left: 16px;
  padding-right: 16px;
  padding-top: 8px;
  padding-bottom: 8px;
  color: white;
  background-color: var(--theme-ui-colors-primary);
  border: 0;
  border-radius: 4px;
  -webkit-user-select: none;
  -moz-user-select: none;
  -ms-user-select: none;
  user-select: none;
  cursor: pointer;
  box-sizing: border-box;
  font-size: 14px;
  color: var(--theme-ui-colors-onPrimary);
  background-color: var(--theme-ui-colors-primary);
  border-radius: 6px;
  font-family: Open Sans,-apple-system,BlinkMacSystemFont,San Francisco,Roboto,Segoe UI,Helvetica Neue,sans-serif;
  -webkit-transition: background-color 125ms cubic-bezier(0.0, 0.0, 0.2, 1);
  transition: background-color 125ms cubic-bezier(0.0, 0.0, 0.2, 1);
  padding-top: 8px;
  padding-bottom: 8px;
  padding-left: 16px;
  padding-right: 16px;
  white-space: nowrap;
  display: -webkit-box;
  display: -webkit-flex;
  display: -ms-flexbox;
  display: flex;
  -webkit-flex-shrink: 0;
  -ms-flex-negative: 0;
  flex-shrink: 0;
  -webkit-align-items: center;
  -webkit-box-align: center;
  -ms-flex-align: center;
  align-items: center;
  -webkit-box-pack: center;
  -ms-flex-pack: center;
  -webkit-justify-content: center;
  justify-content: center;
  touch-action: manipulation;
  box-shadow: rgba(27, 31, 35, 0.1) 0px 1px 0px 0px,rgba(255, 255, 255, 0.03) 0px 1px 0px 0px inset;
  border-color: var(--theme-ui-colors-border);
  border-style: solid;
  border-width: 1px;
  line-height: 1;
  margin-left: auto;
}

.emotion-16:disabled {
  opacity: 0.38;
  cursor: auto;
}

.emotion-16:hover,
.emotion-16:focus {
  background-color: var(--theme-ui-colors-primaryDark);
}

.emotion-16:hover:disabled,
.emotion-16:focus:disabled {
  background-color: var(--theme-ui-colors-primary);
}

.emotion-17 {
  box-sizing: border-box;
  margin: 0;
  min-width: 0;
  background-color: var(--theme-ui-colors-surface);
  border-radius: 0;
  box-shadow: rgba(0, 0, 0, 0.1) 0px 0px 1px,rgba(0, 0, 0, 0.27) 0px 2px 4px -2px;
  margin-left: 0;
  margin-right: 0;
}

@media screen and (min-width: 40em) {
  .emotion-17 {
    border-radius: 6px;
    margin-left: 16px;
    margin-right: 16px;
  }
}

.emotion-18 {
  box-sizing: border-box;
  margin: 0;
  min-width: 0;
  padding-left: 16px;
  padding-right: 16px;
  padding-top: 16px;
  display: -webkit-box;
  display: -webkit-flex;
  display: -ms-flexbox;
  display: flex;
}

.emotion-19 {
  box-sizing: border-box;
  margin: 0;
  min-width: 0;
  width: 100%;
  display: -webkit-box;
  display: -webkit-flex;
  display: -ms-flexbox;
  display: flex;
  color: var(--theme-ui-colors-textMediumEmphasis);
  font-family: Open Sans,-apple-system,BlinkMacSystemFont,San Francisco,Roboto,Segoe UI,Helvetica Neue,sans-serif;
  font-size: 14px;
  -webkit-user-select: none;
  -moz-user-select: none;
  -ms-user-select: none;
  user-select: none;
  color: var(--theme-ui-colors-textMediumEmphasis);
  display: -webkit-box;
  display: -webkit-flex;
  display: -ms-flexbox;
  display: flex;
  -webkit-flex-direction: column;
  -ms-flex-direction: column;
  flex-direction: column;
  font-size: 13px;
}

.emotion-20 {
  box-sizing: border-box;
  margin: 0;
  min-width: 0;
  display: -webkit-box;
  display: -webkit-flex;
  display: -ms-flexbox;
  display: flex;
  -webkit-align-items: center;
  -webkit-box-align: center;
  -ms-flex-align: center;
  align-items: center;
}

.emotion-21 {
  box-sizing: border-box;
  margin: 0;
  min-width: 0;
  max-width: 100%;
  height: auto;
  margin-right: -33px;
  margin-left: 8px;
  fill: var(--theme-ui-colors-icon);
  -webkit-flex-shrink: 0;
  -ms-flex-negative: 0;
  flex-shrink: 0;
  width: 20px;
  height: 20px;
  width: 24px;
  height: 24px;
  z-index: 2;
}

.emotion-22 {
  box-sizing: border-box;
  margin: 0;
  min-width: 0;
  display: block;
  width: 100%;
  padding: 8px;
  -webkit-appearance: none;
  -moz-appearance: none;
  -ms-appearance: none;
  appearance: none;
  font-size: inherit;
  line-height: inherit;
  border: 1px solid;
  border-radius: 4px;
  color: inherit;
  background-color: transparent;
  border-radius: 6px;
  font-family: Open Sans,-apple-system,BlinkMacSystemFont,San Francisco,Roboto,Segoe UI,Helvetica Neue,sans-serif;
  width: auto;
  border-color: var(--theme-ui-colors-border);
  background-color: var(--theme-ui-colors-surface);
  font-size: 16px;
  padding: 12px;
  color: var(--theme-ui-colors-text);
  padding-top: 8px;
  padding-bottom: 8px;
  margin-right: 16px;
  background-color: var(--theme-ui-colors-surface);
  --theme-ui-input-autofill-bg: var(--theme-ui-colors-background);
  padding-left: 40px;
  font-size: 14px;
  width: 100%;
  width: 100%;
  background-color: var(--theme-ui-colors-darkSurface);
  height: 40px;
}

.emotion-22:autofill,
.emotion-22:autofill:hover,
.emotion-22:autofill:focus {
  box-shadow: inset 0 0 0 1000px var(--theme-ui-input-autofill-bg);
  font-size: inherit;
}

.emotion-22:autofill:first-line,
.emotion-22:autofill:hover:first-line,
.emotion-22:autofill:focus:first-line {
  font-size: 1rem;
}

.emotion-22:-webkit-autofill,
.emotion-22:-webkit-autofill:hover,
.emotion-22:-webkit-autofill:focus {
  box-shadow: inset 0 0 0 1000px var(--theme-ui-input-autofill-bg);
  font-size: inherit;
}

.emotion-22:-webkit-autofill:first-line,
.emotion-22:-webkit-autofill:hover:first-line,
.emotion-22:-webkit-autofill:focus:first-line {
  font-size: 1rem;
}

.emotion-22:hover,
.emotion-22:focus {
  border-color: var(--theme-ui-colors-primary);
}

.emotion-22::-webkit-input-placeholder {
  font-style: italic;
}

.emotion-22::-moz-placeholder {
  font-style: italic;
}

.emotion-22:-ms-input-placeholder {
  font-style: italic;
}

.emotion-22::placeholder {
  font-style: italic;
}

.emotion-22:disabled {
  opacity: 0.68;
  border-color: var(--theme-ui-colors-border);
  color: var(--theme-ui-colors-textDisabled);
}

.emotion-23 {
  box-sizing: border-box;
  margin: 0;
  min-width: 0;
  border-radius: 6px;
  -webkit-animation: 4s infinite animation-0;
  animation: 4s infinite animation-0;
  background-color: #a5a5a5;
  width: 245px;
  height: 40px;
  -webkit-flex-shrink: 0;
  -ms-flex-negative: 0;
  flex-shrink: 0;
}

.emotion-24 {
  box-sizing: border-box;
  margin: 0;
  min-width: 0;
  position: relative;
  overflow-x: auto;
}

.emotion-25 {
  box-sizing: border-box;
  margin: 0;
  min-width: 0;
  padding-left: 8px;
  display: -webkit-box;
  display: -webkit-flex;
  display: -ms-flexbox;
  display: flex;
  min-width: 100%;
  width: 100%;
  -webkit-box-pack: start;
  -ms-flex-pack: start;
  -webkit-justify-content: start;
  justify-content: start;
  -webkit-align-items: center;
  -webkit-box-align: center;
  -ms-flex-align: center;
  align-items: center;
}

.emotion-26 {
  box-sizing: border-box;
  margin: 0;
  min-width: 0;
  color: var(--theme-ui-colors-text);
  font-size: 14px;
  text-rendering: optimizeLegibility;
  line-height: 1.5;
  padding-left: 4px;
  padding-right: 4px;
  margin-bottom: 0;
  color: var(--theme-ui-colors-textPrimary);
  white-space: nowrap;
  cursor: pointer;
  display: -webkit-box;
  display: -webkit-flex;
  display: -ms-flexbox;
  display: flex;
  -webkit-flex-shrink: 0;
  -ms-flex-negative: 0;
  flex-shrink: 0;
  -webkit-flex-direction: column;
  -ms-flex-direction: column;
  flex-direction: column;
  -webkit-align-items: center;
  -webkit-box-align: center;
  -ms-flex-align: center;
  align-items: center;
  padding-top: 12px;
  -webkit-user-select: none;
  -moz-user-select: none;
  -ms-user-select: none;
  user-select: none;
  z-index: 10;
  line-height: 2;
  font-size: 13px;
  margin-left: 8px;
  margin-right: 8px;
}

.emotion-26:after {
  background-color: var(--theme-ui-colors-textPrimary);
  border-radius: 2px 2px 0 0;
  width: 125%;
  height: 3px;
  content: '';
  margin-top: 8px;
  -webkit-transition: width 100ms cubic-bezier(0.0, 0.0, 0.2, 1);
  transition: width 100ms cubic-bezier(0.0, 0.0, 0.2, 1);
}

@media screen and (min-width: 40em) {
  .emotion-26 {
    font-size: 13px;
  }
}

.emotion-27 {
  box-sizing: border-box;
  margin: 0;
  min-width: 0;
  height: 1px;
  width: 100%;
  background-color: var(--theme-ui-colors-border);
  position: absolute;
  bottom: 0;
}

.emotion-28 {
  box-sizing: border-box;
  margin: 0;
  min-width: 0;
  padding: 16px;
}

.emotion-29 {
  box-sizing: border-box;
  margin: 0;
  min-width: 0;
  margin-bottom: 16px;
  border-radius: 6px;
  -webkit-animation: 4s infinite animation-0;
  animation: 4s infinite animation-0;
  background-color: #a5a5a5;
  width: 100%;
  height: 2rem;
}

.emotion-30 {
  box-sizing: border-box;
  margin: 0;
  min-width: 0;
  margin-bottom: 16px;
  border-radius: 6px;
  -webkit-animation: 4s infinite animation-0;
  animation: 4s infinite animation-0;
  background-color: #a5a5a5;
  width: 100%;
  height: 5rem;
}

.emotion-33 {
  box-sizing: border-box;
  margin: 0;
  min-width: 0;
  border-radius: 6px;
  -webkit-animation: 4s infinite animation-0;
  animation: 4s infinite animation-0;
  background-color: #a5a5a5;
  width: 100%;
  height: 5rem;
}

<div>
  <div
    class="emotion-0"
  >
    <div
      class="emotion-1"
    >
      <div
        class="emotion-2"
      >
        <a
          class="emotion-3"
          data-cy="back-button"
          href="/dashboard/students/overview?studentId=sadfasdf"
        >
          <button
            class="emotion-4"
          >
            <div
              class="emotion-5"
            />
          </button>
        </a>
        <div
          class="emotion-6"
        >
          <a
            class="emotion-7"
            href="/dashboard/students"
          >
            <span
              class="emotion-8"
            >
              Students
            </span>
            <span
              class="splitter emotion-9"
            >
              /
            </span>
          </a>
          <a
            class="emotion-7"
            href="/dashboard/students/overview?studentId=sadfasdf"
          >
            <span
              class="emotion-8"
            />
            <span
              class="splitter emotion-9"
            >
              /
            </span>
          </a>
          <div
            class="emotion-13"
          >
            Observations
            <span
              class="splitter"
            >
              /
            </span>
          </div>
        </div>
      </div>
      <div
        class="emotion-14"
      >
        <h5
          class="emotion-15"
        >
          Observations
        </h5>
        <button
          class="emotion-16"
        >
          Export
        </button>
      </div>
      <div
        class="emotion-17"
      >
        <div
          class="emotion-18"
        >
          <label
            class="emotion-19"
          >
            <div
              class="emotion-20"
            >
              <div
                class="emotion-21"
              />
              <input
                class="emotion-22"
                name="name"
                placeholder="Search"
                value=""
              />
            </div>
          </label>
          <div
            class="emotion-23"
          />
        </div>
        <div
          class="emotion-24"
        >
          <div
            class="emotion-25"
          >
            <p
              class="emotion-26"
            >
              All
            </p>
          </div>
          <div
            class="emotion-27"
          />
        </div>
        <div
          class="emotion-28"
        >
          <div
            class="emotion-29"
          />
          <div
            class="emotion-30"
          />
          <div
            class="emotion-30"
          />
          <div
            class="emotion-30"
          />
          <div
            class="emotion-33"
          />
        </div>
      </div>
    </div>
  </div>
</div>
`;
