// Jest Snapshot v1, https://goo.gl/fbAQLP

exports[`PageAllReports should render correctly 1`] = `
.emotion-0 {
  box-sizing: border-box;
  margin: 0;
  min-width: 0;
  font-size: 16px;
}

@media screen and (min-width: 40em) {
  .emotion-0 {
    font-size: 20px;
  }
}

<div>
  <div
    class="emotion-0"
  >
    <div>
      Loading
    </div>
  </div>
</div>
`;
