// Jest Snapshot v1, https://goo.gl/fbAQLP

exports[`GuardianRelationshipSelector should render correctly 1`] = `
.emotion-0 {
  box-sizing: border-box;
  margin: 0;
  min-width: 0;
  font-size: 16px;
}

@media screen and (min-width: 40em) {
  .emotion-0 {
    font-size: 20px;
  }
}

.emotion-1 {
  box-sizing: border-box;
  margin: 0;
  min-width: 0;
  padding-left: 16px;
  padding-right: 16px;
  padding-top: 16px;
}

.emotion-2 {
  box-sizing: border-box;
  margin: 0;
  min-width: 0;
  width: 100%;
  display: -webkit-box;
  display: -webkit-flex;
  display: -ms-flexbox;
  display: flex;
  color: var(--theme-ui-colors-textMediumEmphasis);
  font-family: Open Sans,-apple-system,BlinkMacSystemFont,San Francisco,Roboto,Segoe UI,Helvetica Neue,sans-serif;
  font-size: 14px;
  -webkit-user-select: none;
  -moz-user-select: none;
  -ms-user-select: none;
  user-select: none;
  display: -webkit-box;
  display: -webkit-flex;
  display: -ms-flexbox;
  display: flex;
  -webkit-flex-direction: column;
  -ms-flex-direction: column;
  flex-direction: column;
}

.emotion-3 {
  box-sizing: border-box;
  margin: 0;
  min-width: 0;
  padding-bottom: 4px;
}

.emotion-4 {
  box-sizing: border-box;
  margin: 0;
  min-width: 0;
  display: -webkit-box;
  display: -webkit-flex;
  display: -ms-flexbox;
  display: flex;
}

.emotion-5 {
  box-sizing: border-box;
  margin: 0;
  min-width: 0;
  display: block;
  width: 100%;
  padding: 8px;
  -webkit-appearance: none;
  -moz-appearance: none;
  -ms-appearance: none;
  appearance: none;
  font-size: inherit;
  line-height: inherit;
  border: 1px solid;
  border-radius: 4px;
  color: inherit;
  background-color: var(--theme-ui-colors-background);
  border-radius: 6px;
  color: var(--theme-ui-colors-text);
  font-family: Open Sans,-apple-system,BlinkMacSystemFont,San Francisco,Roboto,Segoe UI,Helvetica Neue,sans-serif;
  border-color: var(--theme-ui-colors-border);
  background-color: var(--theme-ui-colors-surface);
  font-size: 16px;
  padding: 12px;
}

.emotion-5:hover,
.emotion-5:focus {
  border-color: var(--theme-ui-colors-primary);
}

.emotion-6 {
  box-sizing: border-box;
  margin: 0;
  min-width: 0;
  margin-left: -28px;
  -webkit-align-self: center;
  -ms-flex-item-align: center;
  align-self: center;
  pointer-events: none;
}

<div>
  <div
    class="emotion-0"
  >
    <div
      class="emotion-1"
    >
      <label
        class="emotion-2"
      >
        <div
          class="emotion-3"
        >
          Relationship
        </div>
        <div
          class="emotion-4"
        >
          <select
            aria-label="Relationship"
            class="emotion-5"
          >
            <option
              value="0"
            >
              Other
            </option>
            <option
              value="1"
            >
              Mother
            </option>
            <option
              value="2"
            >
              Father
            </option>
          </select>
          <svg
            class="emotion-6"
            fill="currentcolor"
            height="24"
            viewBox="0 0 24 24"
            width="24"
            xmlns="http://www.w3.org/2000/svg"
          >
            <path
              d="M7 10l5 5 5-5z"
            />
          </svg>
        </div>
      </label>
    </div>
  </div>
</div>
`;
